Archive member included to satisfy reference by file (symbol)

/opt/Ac6/SystemWorkbench/plugins/fr.ac6.mcu.externaltools.arm-none.linux64_1.12.0.201611241417/tools/compiler/bin/../lib/gcc/arm-none-eabi/5.4.1/../../../../arm-none-eabi/lib/armv7e-m/fpu/libc_nano.a(lib_a-exit.o)
                              /opt/Ac6/SystemWorkbench/plugins/fr.ac6.mcu.externaltools.arm-none.linux64_1.12.0.201611241417/tools/compiler/bin/../lib/gcc/arm-none-eabi/5.4.1/../../../../arm-none-eabi/lib/armv7e-m/fpu/crt0.o (exit)
/opt/Ac6/SystemWorkbench/plugins/fr.ac6.mcu.externaltools.arm-none.linux64_1.12.0.201611241417/tools/compiler/bin/../lib/gcc/arm-none-eabi/5.4.1/../../../../arm-none-eabi/lib/armv7e-m/fpu/libc_nano.a(lib_a-impure.o)
                              /opt/Ac6/SystemWorkbench/plugins/fr.ac6.mcu.externaltools.arm-none.linux64_1.12.0.201611241417/tools/compiler/bin/../lib/gcc/arm-none-eabi/5.4.1/../../../../arm-none-eabi/lib/armv7e-m/fpu/libc_nano.a(lib_a-exit.o) (_global_impure_ptr)
/opt/Ac6/SystemWorkbench/plugins/fr.ac6.mcu.externaltools.arm-none.linux64_1.12.0.201611241417/tools/compiler/bin/../lib/gcc/arm-none-eabi/5.4.1/../../../../arm-none-eabi/lib/armv7e-m/fpu/libc_nano.a(lib_a-init.o)
                              /opt/Ac6/SystemWorkbench/plugins/fr.ac6.mcu.externaltools.arm-none.linux64_1.12.0.201611241417/tools/compiler/bin/../lib/gcc/arm-none-eabi/5.4.1/../../../../arm-none-eabi/lib/armv7e-m/fpu/crt0.o (__libc_init_array)
/opt/Ac6/SystemWorkbench/plugins/fr.ac6.mcu.externaltools.arm-none.linux64_1.12.0.201611241417/tools/compiler/bin/../lib/gcc/arm-none-eabi/5.4.1/../../../../arm-none-eabi/lib/armv7e-m/fpu/libc_nano.a(lib_a-memset.o)
                              /opt/Ac6/SystemWorkbench/plugins/fr.ac6.mcu.externaltools.arm-none.linux64_1.12.0.201611241417/tools/compiler/bin/../lib/gcc/arm-none-eabi/5.4.1/../../../../arm-none-eabi/lib/armv7e-m/fpu/crt0.o (memset)
/opt/Ac6/SystemWorkbench/plugins/fr.ac6.mcu.externaltools.arm-none.linux64_1.12.0.201611241417/tools/compiler/bin/../lib/gcc/arm-none-eabi/5.4.1/../../../../arm-none-eabi/lib/armv7e-m/fpu/libnosys.a(_exit.o)
                              /opt/Ac6/SystemWorkbench/plugins/fr.ac6.mcu.externaltools.arm-none.linux64_1.12.0.201611241417/tools/compiler/bin/../lib/gcc/arm-none-eabi/5.4.1/../../../../arm-none-eabi/lib/armv7e-m/fpu/libc_nano.a(lib_a-exit.o) (_exit)

Allocating common symbols
Common symbol       size              file

uwTick              0x4               Drivers/STM32F4xx_HAL_Driver/stm32f4xx_hal.o
pFlash              0x20              Drivers/STM32F4xx_HAL_Driver/stm32f4xx_hal_flash.o
button              0x14              Src/main.o

Discarded input sections

 .text          0x00000000        0x0 /opt/Ac6/SystemWorkbench/plugins/fr.ac6.mcu.externaltools.arm-none.linux64_1.12.0.201611241417/tools/compiler/bin/../lib/gcc/arm-none-eabi/5.4.1/armv7e-m/fpu/crti.o
 .data          0x00000000        0x0 /opt/Ac6/SystemWorkbench/plugins/fr.ac6.mcu.externaltools.arm-none.linux64_1.12.0.201611241417/tools/compiler/bin/../lib/gcc/arm-none-eabi/5.4.1/armv7e-m/fpu/crti.o
 .bss           0x00000000        0x0 /opt/Ac6/SystemWorkbench/plugins/fr.ac6.mcu.externaltools.arm-none.linux64_1.12.0.201611241417/tools/compiler/bin/../lib/gcc/arm-none-eabi/5.4.1/armv7e-m/fpu/crti.o
 .data          0x00000000        0x4 /opt/Ac6/SystemWorkbench/plugins/fr.ac6.mcu.externaltools.arm-none.linux64_1.12.0.201611241417/tools/compiler/bin/../lib/gcc/arm-none-eabi/5.4.1/armv7e-m/fpu/crtbegin.o
 .text          0x00000000       0x74 /opt/Ac6/SystemWorkbench/plugins/fr.ac6.mcu.externaltools.arm-none.linux64_1.12.0.201611241417/tools/compiler/bin/../lib/gcc/arm-none-eabi/5.4.1/../../../../arm-none-eabi/lib/armv7e-m/fpu/crt0.o
 .data          0x00000000        0x0 /opt/Ac6/SystemWorkbench/plugins/fr.ac6.mcu.externaltools.arm-none.linux64_1.12.0.201611241417/tools/compiler/bin/../lib/gcc/arm-none-eabi/5.4.1/../../../../arm-none-eabi/lib/armv7e-m/fpu/crt0.o
 .bss           0x00000000        0x0 /opt/Ac6/SystemWorkbench/plugins/fr.ac6.mcu.externaltools.arm-none.linux64_1.12.0.201611241417/tools/compiler/bin/../lib/gcc/arm-none-eabi/5.4.1/../../../../arm-none-eabi/lib/armv7e-m/fpu/crt0.o
 .ARM.extab     0x00000000        0x0 /opt/Ac6/SystemWorkbench/plugins/fr.ac6.mcu.externaltools.arm-none.linux64_1.12.0.201611241417/tools/compiler/bin/../lib/gcc/arm-none-eabi/5.4.1/../../../../arm-none-eabi/lib/armv7e-m/fpu/crt0.o
 .ARM.exidx     0x00000000        0x8 /opt/Ac6/SystemWorkbench/plugins/fr.ac6.mcu.externaltools.arm-none.linux64_1.12.0.201611241417/tools/compiler/bin/../lib/gcc/arm-none-eabi/5.4.1/../../../../arm-none-eabi/lib/armv7e-m/fpu/crt0.o
 .ARM.attributes
                0x00000000       0x20 /opt/Ac6/SystemWorkbench/plugins/fr.ac6.mcu.externaltools.arm-none.linux64_1.12.0.201611241417/tools/compiler/bin/../lib/gcc/arm-none-eabi/5.4.1/../../../../arm-none-eabi/lib/armv7e-m/fpu/crt0.o
 .text          0x00000000       0x14 Application/SW4STM32/startup_stm32f401xe.o
[...]
Memory Configuration

Name             Origin             Length             Attributes
FLASH            0x08000000         0x00080000         xr
RAM              0x20000000         0x00018000         xrw
*default*        0x00000000         0xffffffff

Linker script and memory map

LOAD /opt/Ac6/SystemWorkbench/plugins/fr.ac6.mcu.externaltools.arm-none.linux64_1.12.0.201611241417/tools/compiler/bin/../lib/gcc/arm-none-eabi/5.4.1/armv7e-m/fpu/crti.o
LOAD /opt/Ac6/SystemWorkbench/plugins/fr.ac6.mcu.externaltools.arm-none.linux64_1.12.0.201611241417/tools/compiler/bin/../lib/gcc/arm-none-eabi/5.4.1/armv7e-m/fpu/crtbegin.o
LOAD /opt/Ac6/SystemWorkbench/plugins/fr.ac6.mcu.externaltools.arm-none.linux64_1.12.0.201611241417/tools/compiler/bin/../lib/gcc/arm-none-eabi/5.4.1/../../../../arm-none-eabi/lib/armv7e-m/fpu/crt0.o
LOAD /opt/Ac6/SystemWorkbench/plugins/fr.ac6.mcu.externaltools.arm-none.linux64_1.12.0.201611241417/tools/compiler/bin/../lib/gcc/arm-none-eabi/5.4.1/../../../../arm-none-eabi/lib/armv7e-m/fpu/libm.a
LOAD Application/SW4STM32/startup_stm32f401xe.o
LOAD Drivers/CMSIS/system_stm32f4xx.o
LOAD Drivers/STM32F4xx_HAL_Driver/stm32f4xx_hal.o
LOAD Drivers/STM32F4xx_HAL_Driver/stm32f4xx_hal_cortex.o
LOAD Drivers/STM32F4xx_HAL_Driver/stm32f4xx_hal_dma.o
LOAD Drivers/STM32F4xx_HAL_Driver/stm32f4xx_hal_dma_ex.o
LOAD Drivers/STM32F4xx_HAL_Driver/stm32f4xx_hal_flash.o
LOAD Drivers/STM32F4xx_HAL_Driver/stm32f4xx_hal_flash_ex.o
LOAD Drivers/STM32F4xx_HAL_Driver/stm32f4xx_hal_flash_ramfunc.o
LOAD Drivers/STM32F4xx_HAL_Driver/stm32f4xx_hal_gpio.o
LOAD Drivers/STM32F4xx_HAL_Driver/stm32f4xx_hal_pwr.o
LOAD Drivers/STM32F4xx_HAL_Driver/stm32f4xx_hal_pwr_ex.o
LOAD Drivers/STM32F4xx_HAL_Driver/stm32f4xx_hal_rcc.o
LOAD Drivers/STM32F4xx_HAL_Driver/stm32f4xx_hal_rcc_ex.o
LOAD Drivers/STM32F4xx_HAL_Driver/stm32f4xx_hal_tim.o
LOAD Drivers/STM32F4xx_HAL_Driver/stm32f4xx_hal_tim_ex.o
LOAD Src/gpio.o
LOAD Src/main.o
LOAD Src/stm32f4xx_hal_msp.o
LOAD Src/stm32f4xx_it.o
START GROUP
LOAD /opt/Ac6/SystemWorkbench/plugins/fr.ac6.mcu.externaltools.arm-none.linux64_1.12.0.201611241417/tools/compiler/bin/../lib/gcc/arm-none-eabi/5.4.1/armv7e-m/fpu/libgcc.a
LOAD /opt/Ac6/SystemWorkbench/plugins/fr.ac6.mcu.externaltools.arm-none.linux64_1.12.0.201611241417/tools/compiler/bin/../lib/gcc/arm-none-eabi/5.4.1/../../../../arm-none-eabi/lib/armv7e-m/fpu/libc_nano.a
END GROUP
START GROUP
LOAD /opt/Ac6/SystemWorkbench/plugins/fr.ac6.mcu.externaltools.arm-none.linux64_1.12.0.201611241417/tools/compiler/bin/../lib/gcc/arm-none-eabi/5.4.1/armv7e-m/fpu/libgcc.a
LOAD /opt/Ac6/SystemWorkbench/plugins/fr.ac6.mcu.externaltools.arm-none.linux64_1.12.0.201611241417/tools/compiler/bin/../lib/gcc/arm-none-eabi/5.4.1/../../../../arm-none-eabi/lib/armv7e-m/fpu/libc_nano.a
LOAD /opt/Ac6/SystemWorkbench/plugins/fr.ac6.mcu.externaltools.arm-none.linux64_1.12.0.201611241417/tools/compiler/bin/../lib/gcc/arm-none-eabi/5.4.1/../../../../arm-none-eabi/lib/armv7e-m/fpu/libnosys.a
END GROUP
START GROUP
LOAD /opt/Ac6/SystemWorkbench/plugins/fr.ac6.mcu.externaltools.arm-none.linux64_1.12.0.201611241417/tools/compiler/bin/../lib/gcc/arm-none-eabi/5.4.1/armv7e-m/fpu/libgcc.a
LOAD /opt/Ac6/SystemWorkbench/plugins/fr.ac6.mcu.externaltools.arm-none.linux64_1.12.0.201611241417/tools/compiler/bin/../lib/gcc/arm-none-eabi/5.4.1/../../../../arm-none-eabi/lib/armv7e-m/fpu/libc_nano.a
LOAD /opt/Ac6/SystemWorkbench/plugins/fr.ac6.mcu.externaltools.arm-none.linux64_1.12.0.201611241417/tools/compiler/bin/../lib/gcc/arm-none-eabi/5.4.1/../../../../arm-none-eabi/lib/armv7e-m/fpu/libnosys.a
END GROUP
LOAD /opt/Ac6/SystemWorkbench/plugins/fr.ac6.mcu.externaltools.arm-none.linux64_1.12.0.201611241417/tools/compiler/bin/../lib/gcc/arm-none-eabi/5.4.1/armv7e-m/fpu/crtend.o
LOAD /opt/Ac6/SystemWorkbench/plugins/fr.ac6.mcu.externaltools.arm-none.linux64_1.12.0.201611241417/tools/compiler/bin/../lib/gcc/arm-none-eabi/5.4.1/armv7e-m/fpu/crtn.o
                0x20018000                _estack = 0x20018000
                0x00000400                _Min_Heap_Size = 0x400
                0x00000200                _Min_Stack_Size = 0x200

.isr_vector     0x08000000      0x194
                0x08000000                . = ALIGN (0x4)
 *(.isr_vector)
 .isr_vector    0x08000000      0x194 Application/SW4STM32/startup_stm32f401xe.o
                0x08000000                g_pfnVectors
                0x08000194                . = ALIGN (0x4)

.text           0x08000194      0xdc0
                0x08000194                . = ALIGN (0x4)
 *(.text)
 .text          0x08000194       0x5c /opt/Ac6/SystemWorkbench/plugins/fr.ac6.mcu.externaltools.arm-none.linux64_1.12.0.201611241417/tools/compiler/bin/../lib/gcc/arm-none-eabi/5.4.1/armv7e-m/fpu/crtbegin.o
 *(.text*)
 .text.Reset_Handler
                0x080001f0       0x50 Application/SW4STM32/startup_stm32f401xe.o
                0x080001f0                Reset_Handler
 .text.Default_Handler
                0x08000240        0x2 Application/SW4STM32/startup_stm32f401xe.o
                0x08000240                RTC_Alarm_IRQHandler
                0x08000240                EXTI2_IRQHandler
                0x08000240                SPI4_IRQHandler
                0x08000240                TIM1_CC_IRQHandler
                0x08000240                DMA2_Stream5_IRQHandler
                0x08000240                DMA1_Stream5_IRQHandler
                0x08000240                PVD_IRQHandler
                0x08000240                SDIO_IRQHandler
                0x08000240                TAMP_STAMP_IRQHandler
                0x08000240                EXTI3_IRQHandler
                0x08000240                TIM1_UP_TIM10_IRQHandler
                0x08000240                I2C3_ER_IRQHandler
                0x08000240                EXTI0_IRQHandler
                0x08000240                I2C2_EV_IRQHandler
                0x08000240                DMA1_Stream2_IRQHandler
                0x08000240                FPU_IRQHandler
                0x08000240                DMA2_Stream2_IRQHandler
                0x08000240                SPI1_IRQHandler
                0x08000240                TIM1_BRK_TIM9_IRQHandler
                0x08000240                DMA2_Stream3_IRQHandler
                0x08000240                USART6_IRQHandler
                0x08000240                DMA2_Stream0_IRQHandler
                0x08000240                TIM4_IRQHandler
                0x08000240                I2C1_EV_IRQHandler
                0x08000240                DMA1_Stream6_IRQHandler
                0x08000240                DMA1_Stream1_IRQHandler
                0x08000240                TIM3_IRQHandler
                0x08000240                RCC_IRQHandler
                0x08000240                Default_Handler
                0x08000240                EXTI15_10_IRQHandler
                0x08000240                ADC_IRQHandler
                0x08000240                DMA1_Stream7_IRQHandler
                0x08000240                TIM5_IRQHandler
                0x08000240                DMA2_Stream7_IRQHandler
                0x08000240                I2C3_EV_IRQHandler
                0x08000240                EXTI9_5_IRQHandler
                0x08000240                RTC_WKUP_IRQHandler
                0x08000240                SPI2_IRQHandler
                0x08000240                DMA1_Stream0_IRQHandler
                0x08000240                EXTI4_IRQHandler
                0x08000240                WWDG_IRQHandler
                0x08000240                TIM2_IRQHandler
                0x08000240                OTG_FS_WKUP_IRQHandler
                0x08000240                TIM1_TRG_COM_TIM11_IRQHandler
                0x08000240                EXTI1_IRQHandler
                0x08000240                USART2_IRQHandler
                0x08000240                I2C2_ER_IRQHandler
                0x08000240                DMA2_Stream1_IRQHandler
                0x08000240                FLASH_IRQHandler
                0x08000240                DMA2_Stream4_IRQHandler
                0x08000240                USART1_IRQHandler
                0x08000240                OTG_FS_IRQHandler
                0x08000240                SPI3_IRQHandler
                0x08000240                DMA1_Stream4_IRQHandler
                0x08000240                I2C1_ER_IRQHandler
                0x08000240                DMA2_Stream6_IRQHandler
                0x08000240                DMA1_Stream3_IRQHandler
 *fill*         0x08000242        0x2 
 .text.SystemInit
                0x08000244       0x4c Drivers/CMSIS/system_stm32f4xx.o
                0x08000244                SystemInit
 .text.HAL_InitTick
                0x08000290       0x28 Drivers/STM32F4xx_HAL_Driver/stm32f4xx_hal.o
                0x08000290                HAL_InitTick
 .text.HAL_Init
                0x080002b8       0x34 Drivers/STM32F4xx_HAL_Driver/stm32f4xx_hal.o
                0x080002b8                HAL_Init
 .text.HAL_IncTick
                0x080002ec       0x10 Drivers/STM32F4xx_HAL_Driver/stm32f4xx_hal.o
                0x080002ec                HAL_IncTick
 .text.HAL_GetTick
                0x080002fc        0xc Drivers/STM32F4xx_HAL_Driver/stm32f4xx_hal.o
                0x080002fc                HAL_GetTick
 .text.HAL_NVIC_SetPriorityGrouping
                0x08000308       0x38 Drivers/STM32F4xx_HAL_Driver/stm32f4xx_hal_cortex.o
                0x08000308                HAL_NVIC_SetPriorityGrouping
 .text.HAL_NVIC_SetPriority
                0x08000340       0x88 Drivers/STM32F4xx_HAL_Driver/stm32f4xx_hal_cortex.o
                0x08000340                HAL_NVIC_SetPriority
 .text.HAL_SYSTICK_Config
                0x080003c8       0x2c Drivers/STM32F4xx_HAL_Driver/stm32f4xx_hal_cortex.o
                0x080003c8                HAL_SYSTICK_Config
 .text.HAL_SYSTICK_CLKSourceConfig
                0x080003f4       0x30 Drivers/STM32F4xx_HAL_Driver/stm32f4xx_hal_cortex.o
                0x080003f4                HAL_SYSTICK_CLKSourceConfig
 .text.HAL_SYSTICK_Callback
                0x08000424        0x2 Drivers/STM32F4xx_HAL_Driver/stm32f4xx_hal_cortex.o
                0x08000424                HAL_SYSTICK_Callback
 .text.HAL_SYSTICK_IRQHandler
                0x08000426        0x8 Drivers/STM32F4xx_HAL_Driver/stm32f4xx_hal_cortex.o
                0x08000426                HAL_SYSTICK_IRQHandler
 *fill*         0x0800042e        0x2 
 .text.HAL_GPIO_Init
                0x08000430      0x248 Drivers/STM32F4xx_HAL_Driver/stm32f4xx_hal_gpio.o
                0x08000430                HAL_GPIO_Init
 .text.HAL_GPIO_ReadPin
                0x08000678       0x24 Drivers/STM32F4xx_HAL_Driver/stm32f4xx_hal_gpio.o
                0x08000678                HAL_GPIO_ReadPin
 .text.HAL_GPIO_WritePin
                0x0800069c       0x30 Drivers/STM32F4xx_HAL_Driver/stm32f4xx_hal_gpio.o
                0x0800069c                HAL_GPIO_WritePin
 .text.HAL_RCC_OscConfig
                0x080006cc      0x3c0 Drivers/STM32F4xx_HAL_Driver/stm32f4xx_hal_rcc.o
                0x080006cc                HAL_RCC_OscConfig
 .text.HAL_RCC_GetSysClockFreq
                0x08000a8c       0x7c Drivers/STM32F4xx_HAL_Driver/stm32f4xx_hal_rcc.o
                0x08000a8c                HAL_RCC_GetSysClockFreq
 .text.HAL_RCC_ClockConfig
                0x08000b08      0x214 Drivers/STM32F4xx_HAL_Driver/stm32f4xx_hal_rcc.o
                0x08000b08                HAL_RCC_ClockConfig
 .text.HAL_RCC_GetHCLKFreq
                0x08000d1c        0xc Drivers/STM32F4xx_HAL_Driver/stm32f4xx_hal_rcc.o
                0x08000d1c                HAL_RCC_GetHCLKFreq
 .text.MX_GPIO_Init
                0x08000d28       0x48 Src/gpio.o
                0x08000d28                MX_GPIO_Init
 .text.SystemClock_Config
                0x08000d70       0x98 Src/main.o
                0x08000d70                SystemClock_Config
 .text.startup.main
                0x08000e08       0x68 Src/main.o
                0x08000e08                main
 .text.assert_failed
                0x08000e70        0x2 Src/main.o
                0x08000e70                assert_failed
 .text.HAL_MspInit
                0x08000e72       0x60 Src/stm32f4xx_hal_msp.o
                0x08000e72                HAL_MspInit
 .text.NMI_Handler
                0x08000ed2        0x2 Src/stm32f4xx_it.o
                0x08000ed2                NMI_Handler
 .text.HardFault_Handler
                0x08000ed4        0x2 Src/stm32f4xx_it.o
                0x08000ed4                HardFault_Handler
 .text.MemManage_Handler
                0x08000ed6        0x2 Src/stm32f4xx_it.o
                0x08000ed6                MemManage_Handler
 .text.BusFault_Handler
                0x08000ed8        0x2 Src/stm32f4xx_it.o
                0x08000ed8                BusFault_Handler
 .text.UsageFault_Handler
                0x08000eda        0x2 Src/stm32f4xx_it.o
                0x08000eda                UsageFault_Handler
 .text.SVC_Handler
                0x08000edc        0x2 Src/stm32f4xx_it.o
                0x08000edc                SVC_Handler
 .text.DebugMon_Handler
                0x08000ede        0x2 Src/stm32f4xx_it.o
                0x08000ede                DebugMon_Handler
 .text.PendSV_Handler
                0x08000ee0        0x2 Src/stm32f4xx_it.o
                0x08000ee0                PendSV_Handler
 .text.SysTick_Handler
                0x08000ee2        0xe Src/stm32f4xx_it.o
                0x08000ee2                SysTick_Handler
 .text.__libc_init_array
                0x08000ef0       0x4c /opt/Ac6/SystemWorkbench/plugins/fr.ac6.mcu.externaltools.arm-none.linux64_1.12.0.201611241417/tools/compiler/bin/../lib/gcc/arm-none-eabi/5.4.1/../../../../arm-none-eabi/lib/armv7e-m/fpu/libc_nano.a(lib_a-init.o)
                0x08000ef0                __libc_init_array
 *(.glue_7)
 .glue_7        0x08000f3c        0x0 linker stubs
 *(.glue_7t)
 .glue_7t       0x08000f3c        0x0 linker stubs
 *(.eh_frame)
 .eh_frame      0x08000f3c        0x0 /opt/Ac6/SystemWorkbench/plugins/fr.ac6.mcu.externaltools.arm-none.linux64_1.12.0.201611241417/tools/compiler/bin/../lib/gcc/arm-none-eabi/5.4.1/armv7e-m/fpu/crtbegin.o
 *(.init)
 .init          0x08000f3c        0x4 /opt/Ac6/SystemWorkbench/plugins/fr.ac6.mcu.externaltools.arm-none.linux64_1.12.0.201611241417/tools/compiler/bin/../lib/gcc/arm-none-eabi/5.4.1/armv7e-m/fpu/crti.o
                0x08000f3c                _init
 .init          0x08000f40        0x8 /opt/Ac6/SystemWorkbench/plugins/fr.ac6.mcu.externaltools.arm-none.linux64_1.12.0.201611241417/tools/compiler/bin/../lib/gcc/arm-none-eabi/5.4.1/armv7e-m/fpu/crtn.o
 *(.fini)
 .fini          0x08000f48        0x4 /opt/Ac6/SystemWorkbench/plugins/fr.ac6.mcu.externaltools.arm-none.linux64_1.12.0.201611241417/tools/compiler/bin/../lib/gcc/arm-none-eabi/5.4.1/armv7e-m/fpu/crti.o
                0x08000f48                _fini
 .fini          0x08000f4c        0x8 /opt/Ac6/SystemWorkbench/plugins/fr.ac6.mcu.externaltools.arm-none.linux64_1.12.0.201611241417/tools/compiler/bin/../lib/gcc/arm-none-eabi/5.4.1/armv7e-m/fpu/crtn.o
                0x08000f54                . = ALIGN (0x4)
                0x08000f54                _etext = .

.vfp11_veneer   0x08000f54        0x0
 .vfp11_veneer  0x08000f54        0x0 linker stubs

.v4_bx          0x08000f54        0x0
 .v4_bx         0x08000f54        0x0 linker stubs

.iplt           0x08000f54        0x0
 .iplt          0x08000f54        0x0 /opt/Ac6/SystemWorkbench/plugins/fr.ac6.mcu.externaltools.arm-none.linux64_1.12.0.201611241417/tools/compiler/bin/../lib/gcc/arm-none-eabi/5.4.1/armv7e-m/fpu/crtbegin.o

.rodata         0x08000f54      0x15c
                0x08000f54                . = ALIGN (0x4)
 *(.rodata)
 .rodata        0x08000f54       0x10 Drivers/STM32F4xx_HAL_Driver/stm32f4xx_hal_rcc.o
                0x08000f54                APBAHBPrescTable
 *(.rodata*)
 .rodata.str1.1
                0x08000f64       0x70 Drivers/STM32F4xx_HAL_Driver/stm32f4xx_hal_cortex.o
 .rodata.str1.1
                0x08000fd4       0x6e Drivers/STM32F4xx_HAL_Driver/stm32f4xx_hal_gpio.o
 .rodata.str1.1
                0x08001042       0x6d Drivers/STM32F4xx_HAL_Driver/stm32f4xx_hal_rcc.o
                0x080010b0                . = ALIGN (0x4)
 *fill*         0x080010af        0x1 

.rel.dyn        0x080010b0        0x0
 .rel.iplt      0x080010b0        0x0 /opt/Ac6/SystemWorkbench/plugins/fr.ac6.mcu.externaltools.arm-none.linux64_1.12.0.201611241417/tools/compiler/bin/../lib/gcc/arm-none-eabi/5.4.1/armv7e-m/fpu/crtbegin.o

.ARM.extab
 *(.ARM.extab* .gnu.linkonce.armextab.*)

.ARM            0x080010b0        0x0
                0x080010b0                __exidx_start = .
 *(.ARM.exidx*)
                0x080010b0                __exidx_end = .

.preinit_array  0x080010b0        0x0
                0x080010b0                PROVIDE (__preinit_array_start, .)
 *(.preinit_array*)
                0x080010b0                PROVIDE (__preinit_array_end, .)

.init_array     0x080010b0        0x4
                0x080010b0                PROVIDE (__init_array_start, .)
 *(SORT(.init_array.*))
 *(.init_array*)
 .init_array    0x080010b0        0x4 /opt/Ac6/SystemWorkbench/plugins/fr.ac6.mcu.externaltools.arm-none.linux64_1.12.0.201611241417/tools/compiler/bin/../lib/gcc/arm-none-eabi/5.4.1/armv7e-m/fpu/crtbegin.o
                0x080010b4                PROVIDE (__init_array_end, .)

.fini_array     0x080010b4        0x4
                [!provide]                PROVIDE (__fini_array_start, .)
 *(SORT(.fini_array.*))
 *(.fini_array*)
 .fini_array    0x080010b4        0x4 /opt/Ac6/SystemWorkbench/plugins/fr.ac6.mcu.externaltools.arm-none.linux64_1.12.0.201611241417/tools/compiler/bin/../lib/gcc/arm-none-eabi/5.4.1/armv7e-m/fpu/crtbegin.o
                [!provide]                PROVIDE (__fini_array_end, .)
                0x080010b8                _sidata = LOADADDR (.data)

.data           0x20000000        0x4 load address 0x080010b8
                0x20000000                . = ALIGN (0x4)
                0x20000000                _sdata = .
 *(.data)
 .data          0x20000000        0x4 Drivers/CMSIS/system_stm32f4xx.o
                0x20000000                SystemCoreClock
 *(.data*)
                0x20000004                . = ALIGN (0x4)
                0x20000004                _edata = .

.jcr            0x20000004        0x0 load address 0x080010bc
 .jcr           0x20000004        0x0 /opt/Ac6/SystemWorkbench/plugins/fr.ac6.mcu.externaltools.arm-none.linux64_1.12.0.201611241417/tools/compiler/bin/../lib/gcc/arm-none-eabi/5.4.1/armv7e-m/fpu/crtbegin.o

.igot.plt       0x20000004        0x0 load address 0x080010bc
 .igot.plt      0x20000004        0x0 /opt/Ac6/SystemWorkbench/plugins/fr.ac6.mcu.externaltools.arm-none.linux64_1.12.0.201611241417/tools/compiler/bin/../lib/gcc/arm-none-eabi/5.4.1/armv7e-m/fpu/crtbegin.o
                0x20000004                . = ALIGN (0x4)

.bss            0x20000004       0x34 load address 0x080010bc
                0x20000004                _sbss = .
                0x20000004                __bss_start__ = _sbss
 *(.bss)
 .bss           0x20000004       0x1c /opt/Ac6/SystemWorkbench/plugins/fr.ac6.mcu.externaltools.arm-none.linux64_1.12.0.201611241417/tools/compiler/bin/../lib/gcc/arm-none-eabi/5.4.1/armv7e-m/fpu/crtbegin.o
 *(.bss*)
 *(COMMON)
 COMMON         0x20000020        0x4 Drivers/STM32F4xx_HAL_Driver/stm32f4xx_hal.o
                0x20000020                uwTick
 COMMON         0x20000024       0x14 Src/main.o
                0x20000024                button
                0x20000038                . = ALIGN (0x4)
                0x20000038                _ebss = .
                0x20000038                __bss_end__ = _ebss

._user_heap_stack
                0x20000038      0x600 load address 0x080010bc
                0x20000038                . = ALIGN (0x8)
                [!provide]                PROVIDE (end, .)
                [!provide]                PROVIDE (_end, .)
                0x20000438                . = (. + _Min_Heap_Size)
 *fill*         0x20000038      0x400 
                0x20000638                . = (. + _Min_Stack_Size)
 *fill*         0x20000438      0x200 
                0x20000638                . = ALIGN (0x8)

/DISCARD/
 libc.a(*)
 libm.a(*)
 libgcc.a(*)

.ARM.attributes
                0x00000000       0x30
 *(.ARM.attributes)
 .ARM.attributes
                0x00000000       0x22 /opt/Ac6/SystemWorkbench/plugins/fr.ac6.mcu.externaltools.arm-none.linux64_1.12.0.201611241417/tools/compiler/bin/../lib/gcc/arm-none-eabi/5.4.1/armv7e-m/fpu/crti.o
 .ARM.attributes
                0x00000022       0x34 /opt/Ac6/SystemWorkbench/plugins/fr.ac6.mcu.externaltools.arm-none.linux64_1.12.0.201611241417/tools/compiler/bin/../lib/gcc/arm-none-eabi/5.4.1/armv7e-m/fpu/crtbegin.o
 .ARM.attributes
                0x00000056       0x21 Application/SW4STM32/startup_stm32f401xe.o
 .ARM.attributes
                0x00000077       0x39 Drivers/CMSIS/system_stm32f4xx.o
 .ARM.attributes
                0x000000b0       0x39 Drivers/STM32F4xx_HAL_Driver/stm32f4xx_hal.o
 .ARM.attributes
                0x000000e9       0x39 Drivers/STM32F4xx_HAL_Driver/stm32f4xx_hal_cortex.o
 .ARM.attributes
                0x00000122       0x39 Drivers/STM32F4xx_HAL_Driver/stm32f4xx_hal_gpio.o
 .ARM.attributes
                0x0000015b       0x39 Drivers/STM32F4xx_HAL_Driver/stm32f4xx_hal_rcc.o
 .ARM.attributes
                0x00000194       0x39 Src/gpio.o
 .ARM.attributes
                0x000001cd       0x39 Src/main.o
 .ARM.attributes
                0x00000206       0x39 Src/stm32f4xx_hal_msp.o
 .ARM.attributes
                0x0000023f       0x39 Src/stm32f4xx_it.o
 .ARM.attributes
                0x00000278       0x34 /opt/Ac6/SystemWorkbench/plugins/fr.ac6.mcu.externaltools.arm-none.linux64_1.12.0.201611241417/tools/compiler/bin/../lib/gcc/arm-none-eabi/5.4.1/../../../../arm-none-eabi/lib/armv7e-m/fpu/libc_nano.a(lib_a-init.o)
 .ARM.attributes
                0x000002ac       0x22 /opt/Ac6/SystemWorkbench/plugins/fr.ac6.mcu.externaltools.arm-none.linux64_1.12.0.201611241417/tools/compiler/bin/../lib/gcc/arm-none-eabi/5.4.1/armv7e-m/fpu/crtn.o
OUTPUT(GPIO_LED.elf elf32-littlearm)

.debug_line     0x00000000     0x525e
 .debug_line    0x00000000       0xe3 Application/SW4STM32/startup_stm32f401xe.o
 .debug_line    0x000000e3      0x833 Drivers/CMSIS/system_stm32f4xx.o
 .debug_line    0x00000916      0x963 Drivers/STM32F4xx_HAL_Driver/stm32f4xx_hal.o
 .debug_line    0x00001279      0xa78 Drivers/STM32F4xx_HAL_Driver/stm32f4xx_hal_cortex.o
 .debug_line    0x00001cf1      0xa62 Drivers/STM32F4xx_HAL_Driver/stm32f4xx_hal_gpio.o
 .debug_line    0x00002753      0xbc9 Drivers/STM32F4xx_HAL_Driver/stm32f4xx_hal_rcc.o
 .debug_line    0x0000331c      0x7a8 Src/gpio.o
 .debug_line    0x00003ac4      0x7f6 Src/main.o
 .debug_line    0x000042ba      0x7a6 Src/stm32f4xx_hal_msp.o
 .debug_line    0x00004a60      0x7fe Src/stm32f4xx_it.o

.debug_info     0x00000000     0x48dd
 .debug_info    0x00000000       0xd3 Application/SW4STM32/startup_stm32f401xe.o
 .debug_info    0x000000d3      0x504 Drivers/CMSIS/system_stm32f4xx.o
 .debug_info    0x000005d7      0x86e Drivers/STM32F4xx_HAL_Driver/stm32f4xx_hal.o
 .debug_info    0x00000e45     0x107e Drivers/STM32F4xx_HAL_Driver/stm32f4xx_hal_cortex.o
 .debug_info    0x00001ec3      0x8be Drivers/STM32F4xx_HAL_Driver/stm32f4xx_hal_gpio.o
 .debug_info    0x00002781      0xf5f Drivers/STM32F4xx_HAL_Driver/stm32f4xx_hal_rcc.o
 .debug_info    0x000036e0      0x443 Src/gpio.o
 .debug_info    0x00003b23      0x916 Src/main.o
 .debug_info    0x00004439      0x35e Src/stm32f4xx_hal_msp.o
 .debug_info    0x00004797      0x146 Src/stm32f4xx_it.o

.debug_abbrev   0x00000000     0x10eb
 .debug_abbrev  0x00000000       0x12 Application/SW4STM32/startup_stm32f401xe.o
 .debug_abbrev  0x00000012      0x104 Drivers/CMSIS/system_stm32f4xx.o
 .debug_abbrev  0x00000116      0x272 Drivers/STM32F4xx_HAL_Driver/stm32f4xx_hal.o
 .debug_abbrev  0x00000388      0x34d Drivers/STM32F4xx_HAL_Driver/stm32f4xx_hal_cortex.o
 .debug_abbrev  0x000006d5      0x202 Drivers/STM32F4xx_HAL_Driver/stm32f4xx_hal_gpio.o
 .debug_abbrev  0x000008d7      0x332 Drivers/STM32F4xx_HAL_Driver/stm32f4xx_hal_rcc.o
 .debug_abbrev  0x00000c09      0x146 Src/gpio.o
 .debug_abbrev  0x00000d4f      0x1f4 Src/main.o
 .debug_abbrev  0x00000f43       0xc5 Src/stm32f4xx_hal_msp.o
 .debug_abbrev  0x00001008       0xe3 Src/stm32f4xx_it.o

.debug_aranges  0x00000000      0x338
 .debug_aranges
                0x00000000       0x28 Application/SW4STM32/startup_stm32f401xe.o
 .debug_aranges
                0x00000028       0x28 Drivers/CMSIS/system_stm32f4xx.o
 .debug_aranges
                0x00000050       0xb8 Drivers/STM32F4xx_HAL_Driver/stm32f4xx_hal.o
 .debug_aranges
                0x00000108       0x98 Drivers/STM32F4xx_HAL_Driver/stm32f4xx_hal_cortex.o
 .debug_aranges
                0x000001a0       0x58 Drivers/STM32F4xx_HAL_Driver/stm32f4xx_hal_gpio.o
 .debug_aranges
                0x000001f8       0x80 Drivers/STM32F4xx_HAL_Driver/stm32f4xx_hal_rcc.o
 .debug_aranges
                0x00000278       0x20 Src/gpio.o
 .debug_aranges
                0x00000298       0x38 Src/main.o
 .debug_aranges
                0x000002d0       0x20 Src/stm32f4xx_hal_msp.o
 .debug_aranges
                0x000002f0       0x48 Src/stm32f4xx_it.o

.debug_ranges   0x00000000      0x4b0
 .debug_ranges  0x00000000       0x20 Application/SW4STM32/startup_stm32f401xe.o
 .debug_ranges  0x00000020       0x18 Drivers/CMSIS/system_stm32f4xx.o
 .debug_ranges  0x00000038       0xa8 Drivers/STM32F4xx_HAL_Driver/stm32f4xx_hal.o
 .debug_ranges  0x000000e0      0x120 Drivers/STM32F4xx_HAL_Driver/stm32f4xx_hal_cortex.o
 .debug_ranges  0x00000200       0x60 Drivers/STM32F4xx_HAL_Driver/stm32f4xx_hal_gpio.o
 .debug_ranges  0x00000260      0x158 Drivers/STM32F4xx_HAL_Driver/stm32f4xx_hal_rcc.o
 .debug_ranges  0x000003b8       0x30 Src/gpio.o
 .debug_ranges  0x000003e8       0x80 Src/main.o
 .debug_ranges  0x00000468       0x10 Src/stm32f4xx_hal_msp.o
 .debug_ranges  0x00000478       0x38 Src/stm32f4xx_it.o

.debug_loc      0x00000000     0x1027
 .debug_loc     0x00000000       0xd7 Drivers/CMSIS/system_stm32f4xx.o
 .debug_loc     0x000000d7       0x92 Drivers/STM32F4xx_HAL_Driver/stm32f4xx_hal.o
 .debug_loc     0x00000169      0x562 Drivers/STM32F4xx_HAL_Driver/stm32f4xx_hal_cortex.o
 .debug_loc     0x000006cb      0x530 Drivers/STM32F4xx_HAL_Driver/stm32f4xx_hal_gpio.o
 .debug_loc     0x00000bfb      0x42c Drivers/STM32F4xx_HAL_Driver/stm32f4xx_hal_rcc.o

.debug_macro    0x00000000     0xe697
 .debug_macro   0x00000000      0x2eb Drivers/CMSIS/system_stm32f4xx.o
 .debug_macro   0x000002eb      0x89e Drivers/CMSIS/system_stm32f4xx.o
 .debug_macro   0x00000b89       0x31 Drivers/CMSIS/system_stm32f4xx.o
 .debug_macro   0x00000bba       0x28 Drivers/CMSIS/system_stm32f4xx.o
 .debug_macro   0x00000be2       0x22 Drivers/CMSIS/system_stm32f4xx.o
 .debug_macro   0x00000c04       0x87 Drivers/CMSIS/system_stm32f4xx.o
 .debug_macro   0x00000c8b       0x44 Drivers/CMSIS/system_stm32f4xx.o
 .debug_macro   0x00000ccf       0xfd Drivers/CMSIS/system_stm32f4xx.o
 .debug_macro   0x00000dcc       0x5e Drivers/CMSIS/system_stm32f4xx.o
 .debug_macro   0x00000e2a      0x1df Drivers/CMSIS/system_stm32f4xx.o
 .debug_macro   0x00001009       0x35 Drivers/CMSIS/system_stm32f4xx.o
 .debug_macro   0x0000103e       0x50 Drivers/CMSIS/system_stm32f4xx.o
 .debug_macro   0x0000108e      0xe66 Drivers/CMSIS/system_stm32f4xx.o
 .debug_macro   0x00001ef4     0x5099 Drivers/CMSIS/system_stm32f4xx.o
 .debug_macro   0x00006f8d       0x43 Drivers/CMSIS/system_stm32f4xx.o
 .debug_macro   0x00006fd0       0x16 Drivers/CMSIS/system_stm32f4xx.o
 .debug_macro   0x00006fe6      0x1ab Drivers/CMSIS/system_stm32f4xx.o
 .debug_macro   0x00007191     0x347f Drivers/CMSIS/system_stm32f4xx.o
 .debug_macro   0x0000a610       0x52 Drivers/CMSIS/system_stm32f4xx.o
 .debug_macro   0x0000a662       0x35 Drivers/CMSIS/system_stm32f4xx.o
 .debug_macro   0x0000a697       0x9c Drivers/CMSIS/system_stm32f4xx.o
 .debug_macro   0x0000a733       0x16 Drivers/CMSIS/system_stm32f4xx.o
 .debug_macro   0x0000a749       0x97 Drivers/CMSIS/system_stm32f4xx.o
 .debug_macro   0x0000a7e0      0x30d Drivers/CMSIS/system_stm32f4xx.o
 .debug_macro   0x0000aaed       0xfd Drivers/CMSIS/system_stm32f4xx.o
 .debug_macro   0x0000abea       0x10 Drivers/CMSIS/system_stm32f4xx.o
 .debug_macro   0x0000abfa       0x52 Drivers/CMSIS/system_stm32f4xx.o
 .debug_macro   0x0000ac4c       0x1f Drivers/CMSIS/system_stm32f4xx.o
 .debug_macro   0x0000ac6b       0x43 Drivers/CMSIS/system_stm32f4xx.o
 .debug_macro   0x0000acae       0x20 Drivers/CMSIS/system_stm32f4xx.o
 .debug_macro   0x0000acce      0x187 Drivers/CMSIS/system_stm32f4xx.o
 .debug_macro   0x0000ae55       0x10 Drivers/CMSIS/system_stm32f4xx.o
 .debug_macro   0x0000ae65       0x1c Drivers/CMSIS/system_stm32f4xx.o
 .debug_macro   0x0000ae81       0x52 Drivers/CMSIS/system_stm32f4xx.o
 .debug_macro   0x0000aed3       0x40 Drivers/CMSIS/system_stm32f4xx.o
 .debug_macro   0x0000af13       0x10 Drivers/CMSIS/system_stm32f4xx.o
 .debug_macro   0x0000af23       0x40 Drivers/CMSIS/system_stm32f4xx.o
 .debug_macro   0x0000af63       0xd7 Drivers/CMSIS/system_stm32f4xx.o
 .debug_macro   0x0000b03a       0x16 Drivers/CMSIS/system_stm32f4xx.o
 .debug_macro   0x0000b050      0x189 Drivers/CMSIS/system_stm32f4xx.o
 .debug_macro   0x0000b1d9       0x50 Drivers/CMSIS/system_stm32f4xx.o
 .debug_macro   0x0000b229      0x424 Drivers/CMSIS/system_stm32f4xx.o
 .debug_macro   0x0000b64d      0x9e1 Drivers/CMSIS/system_stm32f4xx.o
 .debug_macro   0x0000c02e      0x11e Drivers/CMSIS/system_stm32f4xx.o
 .debug_macro   0x0000c14c       0xf8 Drivers/CMSIS/system_stm32f4xx.o
 .debug_macro   0x0000c244       0x27 Drivers/CMSIS/system_stm32f4xx.o
 .debug_macro   0x0000c26b      0x287 Drivers/CMSIS/system_stm32f4xx.o
 .debug_macro   0x0000c4f2       0x5f Drivers/CMSIS/system_stm32f4xx.o
 .debug_macro   0x0000c551      0x23a Drivers/CMSIS/system_stm32f4xx.o
 .debug_macro   0x0000c78b      0x13a Drivers/CMSIS/system_stm32f4xx.o
 .debug_macro   0x0000c8c5      0x264 Drivers/CMSIS/system_stm32f4xx.o
 .debug_macro   0x0000cb29       0x2e Drivers/CMSIS/system_stm32f4xx.o
 .debug_macro   0x0000cb57      0x11e Drivers/CMSIS/system_stm32f4xx.o
 .debug_macro   0x0000cc75       0x85 Drivers/CMSIS/system_stm32f4xx.o
 .debug_macro   0x0000ccfa       0x89 Drivers/CMSIS/system_stm32f4xx.o
 .debug_macro   0x0000cd83      0x11e Drivers/CMSIS/system_stm32f4xx.o
 .debug_macro   0x0000cea1      0x333 Drivers/STM32F4xx_HAL_Driver/stm32f4xx_hal.o
 .debug_macro   0x0000d1d4      0x2e5 Drivers/STM32F4xx_HAL_Driver/stm32f4xx_hal_cortex.o
 .debug_macro   0x0000d4b9      0x31d Drivers/STM32F4xx_HAL_Driver/stm32f4xx_hal_gpio.o
 .debug_macro   0x0000d7d6      0x30f Drivers/STM32F4xx_HAL_Driver/stm32f4xx_hal_rcc.o
 .debug_macro   0x0000dae5      0x2ef Src/gpio.o
 .debug_macro   0x0000ddd4      0x2ef Src/main.o
 .debug_macro   0x0000e0c3      0x2e5 Src/stm32f4xx_hal_msp.o
 .debug_macro   0x0000e3a8      0x2ef Src/stm32f4xx_it.o

.debug_str      0x00000000    0x50050
 .debug_str     0x00000000    0x4ec23 Drivers/CMSIS/system_stm32f4xx.o
                              0x4eec3 (size before relaxing)
 .debug_str     0x0004ec23      0x8bb Drivers/STM32F4xx_HAL_Driver/stm32f4xx_hal.o
                              0x4f723 (size before relaxing)
 .debug_str     0x0004f4de      0x389 Drivers/STM32F4xx_HAL_Driver/stm32f4xx_hal_cortex.o
                              0x4f59e (size before relaxing)
 .debug_str     0x0004f867      0x31c Drivers/STM32F4xx_HAL_Driver/stm32f4xx_hal_gpio.o
                              0x4f128 (size before relaxing)
 .debug_str     0x0004fb83      0x3b2 Drivers/STM32F4xx_HAL_Driver/stm32f4xx_hal_rcc.o
                              0x4f2b7 (size before relaxing)
 .debug_str     0x0004ff35       0x25 Src/gpio.o
                              0x4ee59 (size before relaxing)
 .debug_str     0x0004ff5a       0x40 Src/main.o
                              0x4f404 (size before relaxing)
 .debug_str     0x0004ff9a       0x27 Src/stm32f4xx_hal_msp.o
                              0x4f047 (size before relaxing)
 .debug_str     0x0004ffc1       0x8f Src/stm32f4xx_it.o
                              0x4ed00 (size before relaxing)

.comment        0x00000000       0x6e
 .comment       0x00000000       0x6e Drivers/CMSIS/system_stm32f4xx.o
                                 0x6f (size before relaxing)
 .comment       0x0000006e       0x6f Drivers/STM32F4xx_HAL_Driver/stm32f4xx_hal.o
 .comment       0x0000006e       0x6f Drivers/STM32F4xx_HAL_Driver/stm32f4xx_hal_cortex.o
 .comment       0x0000006e       0x6f Drivers/STM32F4xx_HAL_Driver/stm32f4xx_hal_gpio.o
 .comment       0x0000006e       0x6f Drivers/STM32F4xx_HAL_Driver/stm32f4xx_hal_rcc.o
 .comment       0x0000006e       0x6f Src/gpio.o
 .comment       0x0000006e       0x6f Src/main.o
 .comment       0x0000006e       0x6f Src/stm32f4xx_hal_msp.o
 .comment       0x0000006e       0x6f Src/stm32f4xx_it.o

.debug_frame    0x00000000      0x708
 .debug_frame   0x00000000       0x30 Drivers/CMSIS/system_stm32f4xx.o
 .debug_frame   0x00000030      0x184 Drivers/STM32F4xx_HAL_Driver/stm32f4xx_hal.o
 .debug_frame   0x000001b4      0x180 Drivers/STM32F4xx_HAL_Driver/stm32f4xx_hal_cortex.o
 .debug_frame   0x00000334       0xfc Drivers/STM32F4xx_HAL_Driver/stm32f4xx_hal_gpio.o
 .debug_frame   0x00000430      0x13c Drivers/STM32F4xx_HAL_Driver/stm32f4xx_hal_rcc.o
 .debug_frame   0x0000056c       0x30 Src/gpio.o
 .debug_frame   0x0000059c       0x68 Src/main.o
 .debug_frame   0x00000604       0x2c Src/stm32f4xx_hal_msp.o
 .debug_frame   0x00000630       0xac Src/stm32f4xx_it.o
 .debug_frame   0x000006dc       0x2c /opt/Ac6/SystemWorkbench/plugins/fr.ac6.mcu.externaltools.arm-none.linux64_1.12.0.201611241417/tools/compiler/bin/../lib/gcc/arm-none-eabi/5.4.1/../../../../arm-none-eabi/lib/armv7e-m/fpu/libc_nano.a(lib_a-init.o)
